#-----------------------------------------------------------
# Vivado v2018.3 (64-bit)
# SW Build 2405991 on Thu Dec  6 23:38:27 MST 2018
# IP Build 2404404 on Fri Dec  7 01:43:56 MST 2018
# Start of session at: Thu Sep 26 15:43:45 2024
# Process ID: 65472
# Current directory: E:/FPGA-ALL/fpga/project_4
# Command line: vivado.exe -gui_launcher_event rodinguilauncherevent64872 E:\FPGA-ALL\fpga\project_4\project_4.xpr
# Log file: E:/FPGA-ALL/fpga/project_4/vivado.log
# Journal file: E:/FPGA-ALL/fpga/project_4\vivado.jou
#-----------------------------------------------------------
start_gui
open_project E:/FPGA-ALL/fpga/project_4/project_4.xpr
update_compile_order -fileset sources_1
update_compile_order -fileset sources_1
update_compile_order -fileset sources_1
update_compile_order -fileset sources_1
un impl_1
update_compile_order -fileset sources_1
update_compile_order -fileset sources_1
reset_run synth_1
launch_runs impl_1 -to_step write_bitstream -jobs 12
wait_on_run impl_1
synth_design -rtl -name rtl_1
